Microchip MPLAB XC8 Compiler V2.05 ()

Linker command line:

-W-3 --edf=C:\Program Files (x86)\Microchip\xc8\v2.05\pic\dat\en_msgs.txt \
  -cs -h+dist/default/production\MBGRSD.X.production.sym \
  --cmf=dist/default/production\MBGRSD.X.production.cmf -z -Q18F45K50 \
  -oC:\Users\eduar\AppData\Local\Temp\s6bk.2 --defsym=__MPLAB_BUILD=1 \
  -Mdist/default/production/MBGRSD.X.production.map -E1 -ver=XC8 \
  --acfsm=1493 -ASTACK=034Eh-07FFh -pstack=STACK -ACODE=00h-07FFFh \
  -ACONST=00h-07FFFh -ASMALLCONST=0800h-08FFhx120 \
  -AMEDIUMCONST=0800h-07FFFh -ACOMRAM=01h-05Fh -AABS1=00h-07FFh \
  -ABIGRAM=01h-07FFh -ARAM=060h-0FFh,0100h-01FFhx7 -ABANK0=060h-0FFh \
  -ABANK1=0100h-01FFh -ABANK2=0200h-02FFh -ABANK3=0300h-03FFh \
  -ABANK4=0400h-04FFh -ABANK5=0500h-05FFh -ABANK6=0600h-06FFh \
  -ABANK7=0700h-07FFh -ASFR=0F53h-0F5Fh,0F60h-0FFFh \
  -preset_vec=00h,intcode,intcodelo,powerup,init -pramtop=0800h \
  -psmallconst=SMALLCONST -pmediumconst=MEDIUMCONST -pconst=CONST \
  -AFARRAM=00h-00h -ACONFIG=0300000h-030000Dh -pconfig=CONFIG \
  -AIDLOC=0200000h-0200007h -pidloc=IDLOC -AEEDATA=0F00000h-0F000FFh \
  -peeprom_data=EEDATA \
  -prdata=COMRAM,nvrram=COMRAM,nvbit=COMRAM,rbss=COMRAM,rbit=COMRAM \
  -pfarbss=FARRAM,fardata=FARRAM,nvFARRAM=FARRAM \
  -pintsave_regs=BIGRAM,bigbss=BIGRAM,bigdata=BIGRAM -pbss=RAM \
  -pidata=CODE,irdata=CODE,ibigdata=CODE,ifardata=CODE -prparam=COMRAM \
  C:\Users\eduar\AppData\Local\Temp\s6bk.o \
  dist/default/production\MBGRSD.X.production.o 

Object code version is 3.11

Machine type is 18F45K50

Call graph: (short form)




                Name                               Link     Load   Length Selector   Space Scale
C:\Users\eduar\AppData\Local\Temp\s6bk.o
                init                                  0        0        4        0       0
                idloc                            200000   200000        8   200000       0
                config                           300000   300000        E   300000       0
dist/default/production\MBGRSD.X.production.o
                smallconst                          800      800       1C      400       0
                text60                             5E18     5E18       10      40E       0
                text59                             5412     5412       CA      40E       0
                text58                             5DF6     5DF6       12      40E       0
                text57                             5DA6     5DA6       20      40E       0
                text56                             5E44     5E44        E      40E       0
                text55                             5E36     5E36        E      40E       0
                text54                             5E08     5E08       10      40E       0
                text53                             5A4E     5A4E       6C      40E       0
                text52                             5E60     5E60        A     2F30       0
                text51                             5C58     5C58       3C      40E       0
                text50                             5DC6     5DC6       1E      40E       0
                text49                             594E     594E       82      40E       0
                text48                             5C16     5C16       42      40E       0
                text47                             527C     527C       CC      40E       0
                text46                             5848     5848       84      40E       0
                text45                             4BCE     4BCE      122      40E       0
                text44                             453A     453A      17C      40E       0
                text43                             570E     570E       A6      40E       0
                text42                             5D30     5D30       2A      40E       0
                text41                             5D80     5D80       26      40E       0
                text40                             1F56     1F56      49E      40E       0
                text39                             5D04     5D04       2C      40E       0
                text38                             4368     4368      1D2      40E       0
                text37                             5DE4     5DE4       12      40E       0
                text36                             57B4     57B4       94      40E       0
                text35                             494C     494C      142      40E       0
                text34                             5C94     5C94       3A      40E       0
                text33                             58CC     58CC       82      40E       0
                text32                             5B20     5B20       56      40E       0
                text31                             55A4     55A4       BA      40E       0
                text30                             2C24     2C24      3A2      40E       0
                text29                             23F4     23F4      42A      40E       0
                text28                             36AE     36AE      2FA      40E       0
                text27                             1948     1948      60E      40E       0
                text26                             4FC2     4FC2       EC      40E       0
                text25                             5E28     5E28        E      40E       0
                text24                             417E     417E      1EA      40E       0
                text23                             5196     5196       E6      40E       0
                text22                              81C      81C      9AE      40E       0
                text21                             565E     565E       B0      40E       0
                text20                             281E     281E      406      40E       0
                text19                             39A8     39A8      2C2      40E       0
                text18                             4DE6     4DE6       F0      40E       0
                text17                             5348     5348       CA      40E       0
                text16                             50AE     50AE       E8      40E       0
                text15                             5BC8     5BC8       4E      40E       0
                text14                             3C6A     3C6A      28C      40E       0
                text13                             5ABA     5ABA       66      40E       0
                text12                             4ED6     4ED6       EC      40E       0
                text11                             59D0     59D0       7E      40E       0
                text10                             46B6     46B6      14C      40E       0
                text9                              4802     4802      14A      40E       0
                text8                              2FC6     2FC6      396      40E       0
                text7                              3EF6     3EF6      288      40E       0
                text6                              335C     335C      352      40E       0
                text5                              4A8E     4A8E      140      40E       0
                text4                              11CA     11CA      77E      40E       0
                text3                              5D5A     5D5A       26      40E       0
                text2                              4CF0     4CF0       F6      40E       0
                text1                              54DC     54DC       C8      40E       0
                text0                              5CCE     5CCE       36      40E       0
                cstackCOMRAM                          1        1       5F        1       1
                cstackBANK0                          60       60       70       60       1
                bssBIGRAM                           120      120      22E      120       1
                bssBANK1                            100      100       20      100       1
                dataBANK0                            E5       E5        D       60       1
                bssBANK0                             D0       D0       15       60       1
                cinit                              5B76     5B76       52      40E       0
                idataBANK0                         5E52     5E52        D      40E       0

TOTAL           Name                               Link     Load   Length     Space
        CLASS   STACK          

        CLASS   CODE           
                init                                  0        0        4         0
                text60                             5E18     5E18       10         0
                text59                             5412     5412       CA         0
                text58                             5DF6     5DF6       12         0
                text57                             5DA6     5DA6       20         0
                text56                             5E44     5E44        E         0
                text55                             5E36     5E36        E         0
                text54                             5E08     5E08       10         0
                text53                             5A4E     5A4E       6C         0
                text52                             5E60     5E60        A         0
                text51                             5C58     5C58       3C         0
                text50                             5DC6     5DC6       1E         0
                text49                             594E     594E       82         0
                text48                             5C16     5C16       42         0
                text47                             527C     527C       CC         0
                text46                             5848     5848       84         0
                text45                             4BCE     4BCE      122         0
                text44                             453A     453A      17C         0
                text43                             570E     570E       A6         0
                text42                             5D30     5D30       2A         0
                text41                             5D80     5D80       26         0
                text40                             1F56     1F56      49E         0
                text39                             5D04     5D04       2C         0
                text38                             4368     4368      1D2         0
                text37                             5DE4     5DE4       12         0
                text36                             57B4     57B4       94         0
                text35                             494C     494C      142         0
                text34                             5C94     5C94       3A         0
                text33                             58CC     58CC       82         0
                text32                             5B20     5B20       56         0
                text31                             55A4     55A4       BA         0
                text30                             2C24     2C24      3A2         0
                text29                             23F4     23F4      42A         0
                text28                             36AE     36AE      2FA         0
                text27                             1948     1948      60E         0
                text26                             4FC2     4FC2       EC         0
                text25                             5E28     5E28        E         0
                text24                             417E     417E      1EA         0
                text23                             5196     5196       E6         0
                text22                              81C      81C      9AE         0
                text21                             565E     565E       B0         0
                text20                             281E     281E      406         0
                text19                             39A8     39A8      2C2         0
                text18                             4DE6     4DE6       F0         0
                text17                             5348     5348       CA         0
                text16                             50AE     50AE       E8         0
                text15                             5BC8     5BC8       4E         0
                text14                             3C6A     3C6A      28C         0
                text13                             5ABA     5ABA       66         0
                text12                             4ED6     4ED6       EC         0
                text11                             59D0     59D0       7E         0
                text10                             46B6     46B6      14C         0
                text9                              4802     4802      14A         0
                text8                              2FC6     2FC6      396         0
                text7                              3EF6     3EF6      288         0
                text6                              335C     335C      352         0
                text5                              4A8E     4A8E      140         0
                text4                              11CA     11CA      77E         0
                text3                              5D5A     5D5A       26         0
                text2                              4CF0     4CF0       F6         0
                text1                              54DC     54DC       C8         0
                text0                              5CCE     5CCE       36         0
                cinit                              5B76     5B76       52         0
                idataBANK0                         5E52     5E52        D         0

        CLASS   CONST          

        CLASS   SMALLCONST     
                smallconst                          800      800       1C         0

        CLASS   MEDIUMCONST    

        CLASS   COMRAM         
                cstackCOMRAM                          1        1       5F         1

        CLASS   ABS1           

        CLASS   BIGRAM         
                bssBIGRAM                           120      120      22E         1

        CLASS   RAM            

        CLASS   BANK0          
                cstackBANK0                          60       60       70         1
                dataBANK0                            E5       E5        D         1
                bssBANK0                             D0       D0       15         1

        CLASS   BANK1          
                bssBANK1                            100      100       20         1

        CLASS   BANK2          

        CLASS   BANK3          

        CLASS   BANK4          

        CLASS   BANK5          

        CLASS   BANK6          

        CLASS   BANK7          

        CLASS   SFR            

        CLASS   FARRAM         

        CLASS   CONFIG         
                config                           300000   300000        E         0

        CLASS   IDLOC          
                idloc                            200000   200000        8         0

        CLASS   EEDATA         



SEGMENTS        Name                           Load    Length   Top    Selector   Space  Class

                reset_vec                      000000  000004  000004         0       0  CODE    
                cstackCOMRAM                   000001  00005F  000060         1       1  COMRAM  
                cstackBANK0                    000060  000092  0000F2        60       1  BANK0   
                bssBANK1                       000100  000020  000120       100       1  BANK1   
                bssBIGRAM                      000120  00022E  00034E       120       1  BIGRAM  
                smallconst                     000800  00001C  00081C       400       0  SMALLCON
                text22                         00081C  005643  005E5F       40E       0  CODE    
                text52                         005E60  00000A  005E6A      2F30       0  CODE    
                idloc                          200000  000008  200008    200000       0  IDLOC   
                config                         300000  00000E  30000E    300000       0  CONFIG  


UNUSED ADDRESS RANGES

        Name                Unused          Largest block    Delta
        BANK0            0000F2-0000FF                E
        BANK3            00034E-0003FF               B2
        BANK4            000400-0004FF              100
        BANK5            000500-0005FF              100
        BANK6            000600-0006FF              100
        BANK7            000700-0007FF              100
        BIGRAM           0000F2-0000FF                E
                         00034E-0007FF              4B2
        CODE             000004-0007FF              7FC
                         005E5F-005E5F                1
                         005E6A-007FFF             2196
        CONST            000004-0007FF              7FC
                         005E5F-005E5F                1
                         005E6A-007FFF             2196
        EEDATA           F00000-F000FF              100
        MEDIUMCONST      005E5F-005E5F                1
                         005E6A-007FFF             2196
        RAM              0000F2-0000FF                E
                         00034E-0007FF              100
        SFR              000F53-000FFF                D
        SMALLCONST       005E5F-005E5F                1
                         005E6A-007FFF              100
        STACK            00034E-0007FF              4B2

                                  Symbol Table

?___fldiv                        cstackCOMRAM 000028
?___flmul                        cstackCOMRAM 00000F
?___lldiv                        cstackCOMRAM 000001
?___lmul                         cstackCOMRAM 000001
?___wmul                         cstackCOMRAM 000001
?___xxtofl                       cstackCOMRAM 000001
?_chk_chr                        cstackCOMRAM 000001
?_clust2sect                     cstackCOMRAM 00000D
?_create_chain                   cstackCOMRAM 000057
?_get_fat                        cstackCOMRAM 00003C
?_get_ldnumber                   cstackCOMRAM 000001
?_interruptadc                   cstackCOMRAM 000001
?_ld_clust                       cstackCOMRAM 000001
?_mem_cmp                        cstackCOMRAM 000001
Error@F5051                      dataBANK0    0000E5
Error@a                          cstackCOMRAM 000001
Error@v_seg                      cstackCOMRAM 000004
SPI1_Exchange8bit@data           cstackCOMRAM 000001
_ACTCON                          (abs)        000FB5
_ADCON0                          (abs)        000FC2
_ADCON0bits                      (abs)        000FC2
_ADCON1                          (abs)        000FC1
_ADCON2                          (abs)        000FC0
_ADIE                            (abs)        007CEE
_ADIF                            (abs)        007CF6
_ADRESH                          (abs)        000FC4
_ADRESL                          (abs)        000FC3
_ANSELA                          (abs)        000F5B
_ANSELB                          (abs)        000F5C
_ANSELC                          (abs)        000F5D
_ANSELD                          (abs)        000F5E
_ANSELE                          (abs)        000F5F
_CardType                        bssBANK0     0000E2
_Error                           text59       005412
_FatFs                           bssBIGRAM    000120
_Fil                             bssBANK1     000100
_Fsid                            bssBANK0     0000DE
_GIE                             (abs)        007F97
_INTCON2bits                     (abs)        000FF1
_Init8LEDs                       text60       005E18
_LATA                            (abs)        000F89
_LATB                            (abs)        000F8A
_LATBbits                        (abs)        000F8A
_LATC                            (abs)        000F8B
_LATD                            (abs)        000F8C
_LATE                            (abs)        000F8D
_ND                              dataBANK0    0000EF
_OSCCON                          (abs)        000FD3
_OSCCON2                         (abs)        000FD2
_OSCILLATOR_Initialize           text58       005DF6
_OSCTUNE                         (abs)        000F9B
_PEIE                            (abs)        007F96
_PIN_MANAGER_Initialize          text57       005DA6
_PORTA                           (abs)        000F80
_SPI1_Exchange8bit               text54       005E08
_SPI1_Initialize                 text56       005E44
_SPI1_Open                       text25       005E28
_SSP1ADD                         (abs)        000FC8
_SSP1BUF                         (abs)        000FC9
_SSP1CON1                        (abs)        000FC6
_SSP1CON1bits                    (abs)        000FC6
_SSP1STAT                        (abs)        000FC7
_SSP1STATbits                    (abs)        000FC7
_SYSTEM_Initialize               text55       005E36
_Stat                            dataBANK0    0000F1
_TRISA                           (abs)        000F92
_TRISB                           (abs)        000F93
_TRISC                           (abs)        000F94
_TRISD                           (abs)        000F95
_TRISE                           (abs)        000F96
_WPUB                            (abs)        000F85
__CFG_BOREN$SBORDIS              (abs)        000000
__CFG_BORV$190                   (abs)        000000
__CFG_CCP2MX$RC1                 (abs)        000000
__CFG_CFGPLLEN$OFF               (abs)        000000
__CFG_CP0$OFF                    (abs)        000000
__CFG_CP1$OFF                    (abs)        000000
__CFG_CP2$OFF                    (abs)        000000
__CFG_CP3$OFF                    (abs)        000000
__CFG_CPB$OFF                    (abs)        000000
__CFG_CPD$OFF                    (abs)        000000
__CFG_CPUDIV$NOCLKDIV            (abs)        000000
__CFG_DEBUG$OFF                  (abs)        000000
__CFG_EBTR0$OFF                  (abs)        000000
__CFG_EBTR1$OFF                  (abs)        000000
__CFG_EBTR2$OFF                  (abs)        000000
__CFG_EBTR3$OFF                  (abs)        000000
__CFG_EBTRB$OFF                  (abs)        000000
__CFG_FCMEN$OFF                  (abs)        000000
__CFG_FOSC$INTOSCIO              (abs)        000000
__CFG_ICPRT$OFF                  (abs)        000000
__CFG_IESO$OFF                   (abs)        000000
__CFG_LS48MHZ$SYS24X4            (abs)        000000
__CFG_LVP$ON                     (abs)        000000
__CFG_MCLRE$ON                   (abs)        000000
__CFG_PBADEN$OFF                 (abs)        000000
__CFG_PCLKEN$ON                  (abs)        000000
__CFG_PLLSEL$PLL4X               (abs)        000000
__CFG_SDOMX$RB3                  (abs)        000000
__CFG_STVREN$ON                  (abs)        000000
__CFG_T3CMX$RC0                  (abs)        000000
__CFG_WDTEN$OFF                  (abs)        000000
__CFG_WDTPS$32768                (abs)        000000
__CFG_WRT0$OFF                   (abs)        000000
__CFG_WRT1$OFF                   (abs)        000000
__CFG_WRT2$OFF                   (abs)        000000
__CFG_WRT3$OFF                   (abs)        000000
__CFG_WRTB$OFF                   (abs)        000000
__CFG_WRTC$OFF                   (abs)        000000
__CFG_WRTD$OFF                   (abs)        000000
__CFG_XINST$OFF                  (abs)        000000
__CFG_nLPBOR$OFF                 (abs)        000000
__CFG_nPWRTEN$OFF                (abs)        000000
__HRAM                           (abs)        000000
__Habs1                          abs1         000000
__Hbank0                         bank0        000000
__Hbank1                         bank1        000000
__Hbank2                         bank2        000000
__Hbank3                         bank3        000000
__Hbank4                         bank4        000000
__Hbank5                         bank5        000000
__Hbank6                         bank6        000000
__Hbank7                         bank7        000000
__Hbigbss                        bigbss       000000
__Hbigdata                       bigdata      000000
__Hbigram                        bigram       000000
__Hbss                           bss          000000
__HbssBANK0                      bssBANK0     000000
__HbssBANK1                      bssBANK1     000000
__HbssBIGRAM                     bssBIGRAM    000000
__Hcinit                         cinit        000000
__Hclrtext                       clrtext      000000
__Hcomram                        comram       000000
__Hconfig                        config       30000E
__Hconst                         const        000000
__HcstackBANK0                   cstackBANK0  000000
__HcstackCOMRAM                  cstackCOMRAM 000000
__Hdata                          data         000000
__HdataBANK0                     dataBANK0    000000
__Heeprom_data                   eeprom_data  000000
__Hfarbss                        farbss       000000
__Hfardata                       fardata      000000
__Hibigdata                      ibigdata     000000
__Hidata                         idata        000000
__HidataBANK0                    idataBANK0   000000
__Hidloc                         idloc        200008
__Hifardata                      ifardata     000000
__Hinit                          init         000004
__Hintcode                       intcode      000000
__Hintcode_body                  intcode_body 000000
__Hintcodelo                     intcodelo    000000
__Hintentry                      intentry     000000
__Hintret                        intret       000000
__Hintsave_regs                  intsave_regs 000000
__Hirdata                        irdata       000000
__Hmediumconst                   mediumconst  000000
__HnvFARRAM                      nvFARRAM     000000
__Hnvbit                         nvbit        000000
__Hnvrram                        nvrram       000000
__Hparam                         rparam       000000
__Hpowerup                       powerup      000000
__Hram                           ram          000000
__Hramtop                        ramtop       000800
__Hrbit                          rbit         000000
__Hrbss                          rbss         000000
__Hrdata                         rdata        000000
__Hreset_vec                     reset_vec    000000
__Hrparam                        rparam       000000
__Hsfr                           sfr          000000
__Hsmallconst                    smallconst   00081C
__Hspace_0                       (abs)        30000E
__Hspace_1                       (abs)        00034E
__Hspace_2                       (abs)        000000
__Hstack                         stack        000000
__Hstruct                        struct       000000
__Htemp                          temp         000000
__Htext                          text         000000
__Htext0                         text0        000000
__Htext1                         text1        000000
__Htext10                        text10       000000
__Htext11                        text11       000000
__Htext12                        text12       000000
__Htext13                        text13       000000
__Htext14                        text14       000000
__Htext15                        text15       000000
__Htext16                        text16       000000
__Htext17                        text17       000000
__Htext18                        text18       000000
__Htext19                        text19       000000
__Htext2                         text2        000000
__Htext20                        text20       000000
__Htext21                        text21       000000
__Htext22                        text22       000000
__Htext23                        text23       000000
__Htext24                        text24       000000
__Htext25                        text25       000000
__Htext26                        text26       000000
__Htext27                        text27       000000
__Htext28                        text28       000000
__Htext29                        text29       000000
__Htext3                         text3        000000
__Htext30                        text30       000000
__Htext31                        text31       000000
__Htext32                        text32       000000
__Htext33                        text33       000000
__Htext34                        text34       000000
__Htext35                        text35       000000
__Htext36                        text36       000000
__Htext37                        text37       000000
__Htext38                        text38       000000
__Htext39                        text39       000000
__Htext4                         text4        000000
__Htext40                        text40       000000
__Htext41                        text41       000000
__Htext42                        text42       000000
__Htext43                        text43       000000
__Htext44                        text44       000000
__Htext45                        text45       000000
__Htext46                        text46       000000
__Htext47                        text47       000000
__Htext48                        text48       000000
__Htext49                        text49       000000
__Htext5                         text5        000000
__Htext50                        text50       000000
__Htext51                        text51       000000
__Htext52                        text52       000000
__Htext53                        text53       000000
__Htext54                        text54       000000
__Htext55                        text55       000000
__Htext56                        text56       000000
__Htext57                        text57       000000
__Htext58                        text58       000000
__Htext59                        text59       000000
__Htext6                         text6        000000
__Htext60                        text60       000000
__Htext7                         text7        000000
__Htext8                         text8        000000
__Htext9                         text9        000000
__LRAM                           (abs)        000001
__Labs1                          abs1         000000
__Lbank0                         bank0        000000
__Lbank1                         bank1        000000
__Lbank2                         bank2        000000
__Lbank3                         bank3        000000
__Lbank4                         bank4        000000
__Lbank5                         bank5        000000
__Lbank6                         bank6        000000
__Lbank7                         bank7        000000
__Lbigbss                        bigbss       000000
__Lbigdata                       bigdata      000000
__Lbigram                        bigram       000000
__Lbss                           bss          000000
__LbssBANK0                      bssBANK0     000000
__LbssBANK1                      bssBANK1     000000
__LbssBIGRAM                     bssBIGRAM    000000
__Lcinit                         cinit        000000
__Lclrtext                       clrtext      000000
__Lcomram                        comram       000000
__Lconfig                        config       300000
__Lconst                         const        000000
__LcstackBANK0                   cstackBANK0  000000
__LcstackCOMRAM                  cstackCOMRAM 000000
__Ldata                          data         000000
__LdataBANK0                     dataBANK0    000000
__Leeprom_data                   eeprom_data  000000
__Lfarbss                        farbss       000000
__Lfardata                       fardata      000000
__Libigdata                      ibigdata     000000
__Lidata                         idata        000000
__LidataBANK0                    idataBANK0   000000
__Lidloc                         idloc        200000
__Lifardata                      ifardata     000000
__Linit                          init         000000
__Lintcode                       intcode      000000
__Lintcode_body                  intcode_body 000000
__Lintcodelo                     intcodelo    000000
__Lintentry                      intentry     000000
__Lintret                        intret       000000
__Lintsave_regs                  intsave_regs 000000
__Lirdata                        irdata       000000
__Lmediumconst                   mediumconst  000000
__LnvFARRAM                      nvFARRAM     000000
__Lnvbit                         nvbit        000000
__Lnvrram                        nvrram       000000
__Lparam                         rparam       000000
__Lpowerup                       powerup      000000
__Lram                           ram          000000
__Lramtop                        ramtop       000800
__Lrbit                          rbit         000000
__Lrbss                          rbss         000000
__Lrdata                         rdata        000000
__Lreset_vec                     reset_vec    000000
__Lrparam                        rparam       000000
__Lsfr                           sfr          000000
__Lsmallconst                    smallconst   000800
__Lspace_0                       (abs)        000000
__Lspace_1                       (abs)        000000
__Lspace_2                       (abs)        000000
__Lstack                         stack        000000
__Lstruct                        struct       000000
__Ltemp                          temp         000000
__Ltext                          text         000000
__Ltext0                         text0        000000
__Ltext1                         text1        000000
__Ltext10                        text10       000000
__Ltext11                        text11       000000
__Ltext12                        text12       000000
__Ltext13                        text13       000000
__Ltext14                        text14       000000
__Ltext15                        text15       000000
__Ltext16                        text16       000000
__Ltext17                        text17       000000
__Ltext18                        text18       000000
__Ltext19                        text19       000000
__Ltext2                         text2        000000
__Ltext20                        text20       000000
__Ltext21                        text21       000000
__Ltext22                        text22       000000
__Ltext23                        text23       000000
__Ltext24                        text24       000000
__Ltext25                        text25       000000
__Ltext26                        text26       000000
__Ltext27                        text27       000000
__Ltext28                        text28       000000
__Ltext29                        text29       000000
__Ltext3                         text3        000000
__Ltext30                        text30       000000
__Ltext31                        text31       000000
__Ltext32                        text32       000000
__Ltext33                        text33       000000
__Ltext34                        text34       000000
__Ltext35                        text35       000000
__Ltext36                        text36       000000
__Ltext37                        text37       000000
__Ltext38                        text38       000000
__Ltext39                        text39       000000
__Ltext4                         text4        000000
__Ltext40                        text40       000000
__Ltext41                        text41       000000
__Ltext42                        text42       000000
__Ltext43                        text43       000000
__Ltext44                        text44       000000
__Ltext45                        text45       000000
__Ltext46                        text46       000000
__Ltext47                        text47       000000
__Ltext48                        text48       000000
__Ltext49                        text49       000000
__Ltext5                         text5        000000
__Ltext50                        text50       000000
__Ltext51                        text51       000000
__Ltext52                        text52       000000
__Ltext53                        text53       000000
__Ltext54                        text54       000000
__Ltext55                        text55       000000
__Ltext56                        text56       000000
__Ltext57                        text57       000000
__Ltext58                        text58       000000
__Ltext59                        text59       000000
__Ltext6                         text6        000000
__Ltext60                        text60       000000
__Ltext7                         text7        000000
__Ltext8                         text8        000000
__Ltext9                         text9        000000
__S0                             (abs)        30000E
__S1                             (abs)        00034E
__S2                             (abs)        000000
___fldiv                         text7        003EF6
___fldiv@a                       cstackCOMRAM 00002C
___fldiv@aexp                    cstackCOMRAM 000040
___fldiv@b                       cstackCOMRAM 000028
___fldiv@bexp                    cstackCOMRAM 00003F
___fldiv@grs                     cstackCOMRAM 00003B
___fldiv@new_exp                 cstackCOMRAM 000039
___fldiv@rem                     cstackCOMRAM 000034
___fldiv@sign                    cstackCOMRAM 000038
___flmul                         text6        00335C
___flmul@a                       cstackCOMRAM 000013
___flmul@aexp                    cstackCOMRAM 000020
___flmul@b                       cstackCOMRAM 00000F
___flmul@bexp                    cstackCOMRAM 000021
___flmul@grs                     cstackCOMRAM 00001C
___flmul@prod                    cstackCOMRAM 000022
___flmul@sign                    cstackCOMRAM 00001B
___flmul@temp                    cstackCOMRAM 000026
___inthi_sp                      stack        000000
___intlo_sp                      stack        000000
___lldiv                         text33       0058CC
___lldiv@counter                 cstackCOMRAM 00000D
___lldiv@dividend                cstackCOMRAM 000001
___lldiv@divisor                 cstackCOMRAM 000005
___lldiv@quotient                cstackCOMRAM 000009
___lmul                          text32       005B20
___lmul@multiplicand             cstackCOMRAM 000005
___lmul@multiplier               cstackCOMRAM 000001
___lmul@product                  cstackCOMRAM 000009
___param_bank                    (abs)        000000
___rparam_used                   (abs)        000001
___send_cmd                      text49       00594E
___send_cmd@arg                  cstackCOMRAM 000004
___send_cmd@cmd                  cstackCOMRAM 00000A
___send_cmd@n                    cstackCOMRAM 000009
___send_cmd@res                  cstackCOMRAM 000008
___sp                            stack        000000
___wmul                          text41       005D80
___wmul@multiplicand             cstackCOMRAM 000003
___wmul@multiplier               cstackCOMRAM 000001
___wmul@product                  cstackCOMRAM 000005
___xxtofl                        text5        004A8E
___xxtofl@arg                    cstackCOMRAM 00000B
___xxtofl@exp                    cstackCOMRAM 00000A
___xxtofl@sign                   cstackCOMRAM 000009
___xxtofl@val                    cstackCOMRAM 000001
__accesstop                      (abs)        000060
__activetblptr                   (abs)        000003
__end_of_Error                   text59       0054DC
__end_of_Init8LEDs               text60       005E28
__end_of_OSCILLATOR_Initialize   text58       005E08
__end_of_PIN_MANAGER_Initialize  text57       005DC6
__end_of_SPI1_Exchange8bit       text54       005E18
__end_of_SPI1_Initialize         text56       005E52
__end_of_SPI1_Open               text25       005E36
__end_of_SYSTEM_Initialize       text55       005E44
__end_of___fldiv                 text7        00417E
__end_of___flmul                 text6        0036AE
__end_of___lldiv                 text33       00594E
__end_of___lmul                  text32       005B76
__end_of___send_cmd              text49       0059D0
__end_of___wmul                  text41       005DA6
__end_of___xxtofl                text5        004BCE
__end_of__initialization         cinit        005BC2
__end_of_check_fs                text26       0050AE
__end_of_chk_chr                 text15       005C16
__end_of_clust2sect              text31       00565E
__end_of_create_chain            text28       0039A8
__end_of_create_name             text14       003EF6
__end_of_deselect                text52       005E6A
__end_of_dir_alloc               text18       004ED6
__end_of_dir_find                text12       004FC2
__end_of_dir_next                text20       002C24
__end_of_dir_register            text16       005196
__end_of_dir_sdi                 text19       003C6A
__end_of_disk_initialize         text24       004368
__end_of_disk_ioctl              text40       0023F4
__end_of_disk_read               text47       005348
__end_of_disk_status             text37       005DF6
__end_of_disk_write              text45       004CF0
__end_of_f_close                 text34       005CCE
__end_of_f_lseek                 text27       001F56
__end_of_f_mount                 text21       00570E
__end_of_f_open                  text8        00335C
__end_of_f_sync                  text35       004A8E
__end_of_f_write                 text4        001948
__end_of_find_volume             text22       0011CA
__end_of_follow_path             text10       004802
__end_of_get_fat                 text30       002FC6
__end_of_get_ldnumber            text23       00527C
__end_of_grabador                text2        004DE6
__end_of_guardar                 text1        0055A4
__end_of_interruptadc            text3        005D80
__end_of_ld_clust                text11       005A4E
__end_of_main                    text0        005D04
__end_of_mem_cmp                 text13       005B20
__end_of_mem_cpy                 text17       005412
__end_of_mem_set                 text39       005D30
__end_of_move_window             text43       0057B4
__end_of_put_fat                 text29       00281E
__end_of_rcvr_datablock          text53       005ABA
__end_of_remove_chain            text9        00494C
__end_of_select                  text50       005DE4
__end_of_send_cmd                text48       005C58
__end_of_st_clust                text42       005D5A
__end_of_sync_fs                 text38       00453A
__end_of_sync_window             text44       0046B6
__end_of_validate                text36       005848
__end_of_wait_ready              text51       005C94
__end_of_xmit_datablock          text46       0058CC
__initialization                 cinit        005B76
__mediumconst                    mediumconst  000000
__pbssBANK0                      bssBANK0     0000D0
__pbssBANK1                      bssBANK1     000100
__pbssBIGRAM                     bssBIGRAM    000120
__pcinit                         cinit        005B76
__pcstackBANK0                   cstackBANK0  000060
__pcstackCOMRAM                  cstackCOMRAM 000001
__pdataBANK0                     dataBANK0    0000E5
__pidataBANK0                    idataBANK0   005E52
__psmallconst                    smallconst   000800
__ptext0                         text0        005CCE
__ptext1                         text1        0054DC
__ptext10                        text10       0046B6
__ptext11                        text11       0059D0
__ptext12                        text12       004ED6
__ptext13                        text13       005ABA
__ptext14                        text14       003C6A
__ptext15                        text15       005BC8
__ptext16                        text16       0050AE
__ptext17                        text17       005348
__ptext18                        text18       004DE6
__ptext19                        text19       0039A8
__ptext2                         text2        004CF0
__ptext20                        text20       00281E
__ptext21                        text21       00565E
__ptext22                        text22       00081C
__ptext23                        text23       005196
__ptext24                        text24       00417E
__ptext25                        text25       005E28
__ptext26                        text26       004FC2
__ptext27                        text27       001948
__ptext28                        text28       0036AE
__ptext29                        text29       0023F4
__ptext3                         text3        005D5A
__ptext30                        text30       002C24
__ptext31                        text31       0055A4
__ptext32                        text32       005B20
__ptext33                        text33       0058CC
__ptext34                        text34       005C94
__ptext35                        text35       00494C
__ptext36                        text36       0057B4
__ptext37                        text37       005DE4
__ptext38                        text38       004368
__ptext39                        text39       005D04
__ptext4                         text4        0011CA
__ptext40                        text40       001F56
__ptext41                        text41       005D80
__ptext42                        text42       005D30
__ptext43                        text43       00570E
__ptext44                        text44       00453A
__ptext45                        text45       004BCE
__ptext46                        text46       005848
__ptext47                        text47       00527C
__ptext48                        text48       005C16
__ptext49                        text49       00594E
__ptext5                         text5        004A8E
__ptext50                        text50       005DC6
__ptext51                        text51       005C58
__ptext52                        text52       005E60
__ptext53                        text53       005A4E
__ptext54                        text54       005E08
__ptext55                        text55       005E36
__ptext56                        text56       005E44
__ptext57                        text57       005DA6
__ptext58                        text58       005DF6
__ptext59                        text59       005412
__ptext6                         text6        00335C
__ptext60                        text60       005E18
__ptext7                         text7        003EF6
__ptext8                         text8        002FC6
__ptext9                         text9        004802
__ramtop                         ramtop       000800
__size_of_Error                  (abs)        000000
__size_of_Init8LEDs              (abs)        000000
__size_of_OSCILLATOR_Initialize  (abs)        000000
__size_of_PIN_MANAGER_Initialize (abs)        000000
__size_of_SPI1_Exchange8bit      (abs)        000000
__size_of_SPI1_Initialize        (abs)        000000
__size_of_SPI1_Open              (abs)        000000
__size_of_SYSTEM_Initialize      (abs)        000000
__size_of___fldiv                (abs)        000000
__size_of___flmul                (abs)        000000
__size_of___lldiv                (abs)        000000
__size_of___lmul                 (abs)        000000
__size_of___send_cmd             (abs)        000000
__size_of___wmul                 (abs)        000000
__size_of___xxtofl               (abs)        000000
__size_of_check_fs               (abs)        000000
__size_of_chk_chr                (abs)        000000
__size_of_clust2sect             (abs)        000000
__size_of_create_chain           (abs)        000000
__size_of_create_name            (abs)        000000
__size_of_deselect               (abs)        000000
__size_of_dir_alloc              (abs)        000000
__size_of_dir_find               (abs)        000000
__size_of_dir_next               (abs)        000000
__size_of_dir_register           (abs)        000000
__size_of_dir_sdi                (abs)        000000
__size_of_disk_initialize        (abs)        000000
__size_of_disk_ioctl             (abs)        000000
__size_of_disk_read              (abs)        000000
__size_of_disk_status            (abs)        000000
__size_of_disk_write             (abs)        000000
__size_of_f_close                (abs)        000000
__size_of_f_lseek                (abs)        000000
__size_of_f_mount                (abs)        000000
__size_of_f_open                 (abs)        000000
__size_of_f_sync                 (abs)        000000
__size_of_f_write                (abs)        000000
__size_of_find_volume            (abs)        000000
__size_of_follow_path            (abs)        000000
__size_of_get_fat                (abs)        000000
__size_of_get_ldnumber           (abs)        000000
__size_of_grabador               (abs)        000000
__size_of_guardar                (abs)        000000
__size_of_interruptadc           (abs)        000000
__size_of_ld_clust               (abs)        000000
__size_of_main                   (abs)        000000
__size_of_mem_cmp                (abs)        000000
__size_of_mem_cpy                (abs)        000000
__size_of_mem_set                (abs)        000000
__size_of_move_window            (abs)        000000
__size_of_put_fat                (abs)        000000
__size_of_rcvr_datablock         (abs)        000000
__size_of_remove_chain           (abs)        000000
__size_of_select                 (abs)        000000
__size_of_send_cmd               (abs)        000000
__size_of_st_clust               (abs)        000000
__size_of_sync_fs                (abs)        000000
__size_of_sync_window            (abs)        000000
__size_of_validate               (abs)        000000
__size_of_wait_ready             (abs)        000000
__size_of_xmit_datablock         (abs)        000000
__smallconst                     smallconst   000800
_a                               bssBANK0     0000DA
_adcin                           bssBANK0     0000DC
_bw                              bssBANK0     0000E3
_check_fs                        text26       004FC2
_chk_chr                         text15       005BC8
_clust2sect                      text31       0055A4
_create_chain                    text28       0036AE
_create_name                     text14       003C6A
_create_name$624                 cstackCOMRAM 000011
_data                            bssBANK0     0000D6
_deselect                        text52       005E60
_dir_alloc                       text18       004DE6
_dir_find                        text12       004ED6
_dir_next                        text20       00281E
_dir_register                    text16       0050AE
_dir_sdi                         text19       0039A8
_disk_initialize                 text24       00417E
_disk_initialize$134             cstackCOMRAM 000017
_disk_ioctl                      text40       001F56
_disk_read                       text47       00527C
_disk_read$143                   cstackCOMRAM 00001A
_disk_status                     text37       005DE4
_disk_write                      text45       004BCE
_f_close                         text34       005C94
_f_lseek                         text27       001948
_f_mount                         text21       00565E
_f_open                          text8        002FC6
_f_sync                          text35       00494C
_f_write                         text4        0011CA
_find_volume                     text22       00081C
_find_volume$728                 cstackBANK0  000070
_find_volume$729                 cstackBANK0  000074
_follow_path                     text10       0046B6
_get_fat                         text30       002C24
_get_fat$374                     cstackCOMRAM 00004B
_get_ldnumber                    text23       005196
_grabador                        text2        004CF0
_guardar                         text1        0054DC
_i                               bssBANK0     0000D4
_interruptadc                    text3        005D5A
_ld_clust                        text11       0059D0
_main                            text0        005CCE
_mem_cmp                         text13       005ABA
_mem_cpy                         text17       005348
_mem_set                         text39       005D04
_move_window                     text43       00570E
_out                             bssBANK0     0000D8
_put_fat                         text29       0023F4
_put_fat$400                     cstackCOMRAM 00004E
_put_fat$401                     cstackCOMRAM 000050
_rcvr_datablock                  text53       005A4E
_remove_chain                    text9        004802
_select                          text50       005DC6
_send_cmd                        text48       005C16
_st_clust                        text42       005D30
_sync_fs                         text38       004368
_sync_window                     text44       00453A
_validate                        text36       0057B4
_volt                            bssBANK0     0000D0
_wait_ready                      text51       005C58
_xmit_datablock                  text46       005848
check_fs@fs                      cstackCOMRAM 00003C
check_fs@sect                    cstackCOMRAM 00003E
chk_chr@chr                      cstackCOMRAM 000003
chk_chr@str                      cstackCOMRAM 000001
clust2sect@clst                  cstackCOMRAM 00000F
clust2sect@fs                    cstackCOMRAM 00000D
create_chain@clst                cstackCOMRAM 000059
create_chain@cs                  cstackBANK0  00006D
create_chain@fs                  cstackCOMRAM 000057
create_chain@ncl                 cstackBANK0  000069
create_chain@res                 cstackBANK0  000064
create_chain@scl                 cstackBANK0  000065
create_name@b                    cstackCOMRAM 000015
create_name@c                    cstackCOMRAM 00001F
create_name@d                    cstackCOMRAM 00001A
create_name@dp                   cstackCOMRAM 000009
create_name@i                    cstackCOMRAM 00001D
create_name@ni                   cstackCOMRAM 000016
create_name@p                    cstackCOMRAM 000018
create_name@path                 cstackCOMRAM 00000B
create_name@sfn                  cstackCOMRAM 00001B
create_name@si                   cstackCOMRAM 000013
dir_alloc@dp                     cstackBANK0  000084
dir_alloc@n                      cstackBANK0  000088
dir_alloc@nent                   cstackBANK0  000086
dir_alloc@res                    cstackBANK0  00008A
dir_find@c                       cstackBANK0  000084
dir_find@dir                     cstackBANK0  000085
dir_find@dp                      cstackCOMRAM 00005D
dir_find@res                     cstackBANK0  000087
dir_next@c                       cstackBANK0  00007C
dir_next@clst                    cstackBANK0  000080
dir_next@dp                      cstackBANK0  000071
dir_next@i                       cstackBANK0  00007E
dir_next@stretch                 cstackBANK0  000073
dir_register@dp                  cstackBANK0  00008B
dir_register@res                 cstackBANK0  00008F
dir_sdi@clst                     cstackBANK0  00006D
dir_sdi@dp                       cstackCOMRAM 000057
dir_sdi@ic                       cstackBANK0  000067
dir_sdi@idx                      cstackCOMRAM 000059
dir_sdi@sect                     cstackBANK0  000069
disk_initialize@cmd              cstackCOMRAM 000019
disk_initialize@n                cstackCOMRAM 00001D
disk_initialize@ocr              cstackCOMRAM 000013
disk_initialize@pdrv             cstackCOMRAM 000012
disk_initialize@tmr              cstackCOMRAM 00001B
disk_initialize@ty               cstackCOMRAM 00001A
disk_ioctl@buff                  cstackCOMRAM 000012
disk_ioctl@cmd                   cstackCOMRAM 000011
disk_ioctl@csd                   cstackCOMRAM 000021
disk_ioctl@csize                 cstackCOMRAM 000032
disk_ioctl@n                     cstackCOMRAM 000037
disk_ioctl@pdrv                  cstackCOMRAM 000031
disk_ioctl@ptr                   cstackCOMRAM 000038
disk_ioctl@res                   cstackCOMRAM 000036
disk_read@buff                   cstackCOMRAM 000011
disk_read@cmd                    cstackCOMRAM 00001C
disk_read@count                  cstackCOMRAM 000017
disk_read@pdrv                   cstackCOMRAM 000019
disk_read@sector                 cstackCOMRAM 000013
disk_status@pdrv                 cstackCOMRAM 000001
disk_write@buff                  cstackCOMRAM 000011
disk_write@count                 cstackCOMRAM 000018
disk_write@pdrv                  cstackCOMRAM 00001B
disk_write@sector                cstackCOMRAM 000014
end_of_initialization            cinit        005BC2
f_close@fp                       cstackCOMRAM 00004E
f_close@res                      cstackCOMRAM 000050
f_lseek@bcs                      cstackBANK0  000090
f_lseek@clst                     cstackBANK0  000094
f_lseek@fp                       cstackBANK0  000071
f_lseek@ifptr                    cstackBANK0  000087
f_lseek@nsect                    cstackBANK0  00008C
f_lseek@ofs                      cstackBANK0  000073
f_lseek@res                      cstackBANK0  00008B
f_mount@cfs                      cstackCOMRAM 000059
f_mount@fs                       cstackCOMRAM 000053
f_mount@opt                      cstackCOMRAM 000057
f_mount@path                     cstackCOMRAM 000055
f_mount@res                      cstackCOMRAM 000058
f_mount@rp                       cstackCOMRAM 00005B
f_mount@vol                      cstackCOMRAM 00005D
f_open@cl                        cstackBANK0  0000AF
f_open@dir                       cstackBANK0  0000B8
f_open@dj                        cstackBANK0  0000BA
f_open@dw                        cstackBANK0  0000B3
f_open@fp                        cstackBANK0  00009A
f_open@mode                      cstackBANK0  00009E
f_open@path                      cstackBANK0  00009C
f_open@res                       cstackBANK0  0000B7
f_open@sfn                       cstackBANK0  0000A3
f_sync@dir                       cstackCOMRAM 00004C
f_sync@fp                        cstackCOMRAM 000045
f_sync@res                       cstackCOMRAM 00004B
f_write@btw                      cstackBANK0  000076
f_write@buff                     cstackBANK0  000073
f_write@bw                       cstackBANK0  000078
f_write@cc                       cstackBANK0  00008B
f_write@clst                     cstackBANK0  000091
f_write@csect                    cstackBANK0  00008A
f_write@fp                       cstackBANK0  000071
f_write@res                      cstackBANK0  000086
f_write@sect                     cstackBANK0  00008D
f_write@wbuff                    cstackBANK0  000087
f_write@wcnt                     cstackBANK0  000095
ff@FatFs                         bssBANK0     0000E0
find_volume@br                   cstackBANK0  000060
find_volume@bsect                cstackBANK0  000091
find_volume@fasize               cstackBANK0  00008D
find_volume@fmt                  cstackBANK0  000097
find_volume@fs                   cstackBANK0  000098
find_volume@i                    cstackBANK0  000095
find_volume@nclst                cstackBANK0  000088
find_volume@nrsv                 cstackBANK0  000082
find_volume@path                 cstackCOMRAM 000048
find_volume@pt                   cstackBANK0  00007A
find_volume@rfs                  cstackCOMRAM 000046
find_volume@stat                 cstackBANK0  00008C
find_volume@sysect               cstackBANK0  00007C
find_volume@szbfat               cstackBANK0  000076
find_volume@tsect                cstackBANK0  000084
find_volume@vol                  cstackBANK0  000080
find_volume@wmode                cstackCOMRAM 00004A
follow_path@dir                  cstackBANK0  00008C
follow_path@dp                   cstackBANK0  000088
follow_path@ns                   cstackBANK0  00008E
follow_path@path                 cstackBANK0  00008A
follow_path@res                  cstackBANK0  00008F
get_fat@bc                       cstackCOMRAM 000055
get_fat@clst                     cstackCOMRAM 00003E
get_fat@fs                       cstackCOMRAM 00003C
get_fat@p                        cstackCOMRAM 000053
get_fat@val                      cstackCOMRAM 00004D
get_fat@wc                       cstackCOMRAM 000051
get_ldnumber@i                   cstackCOMRAM 00000B
get_ldnumber@path                cstackCOMRAM 000001
get_ldnumber@tp                  cstackCOMRAM 000007
get_ldnumber@tt                  cstackCOMRAM 00000D
get_ldnumber@vol                 cstackCOMRAM 000009
interruptadc@a                   cstackCOMRAM 000003
interruptadc@adcin               cstackCOMRAM 000001
intlevel0                        text         000000
intlevel1                        text         000000
intlevel2                        text         000000
intlevel3                        text         000000
ld_clust@cl                      cstackCOMRAM 00000B
ld_clust@dir                     cstackCOMRAM 000003
ld_clust@fs                      cstackCOMRAM 000001
mem_cmp@cnt                      cstackCOMRAM 000005
mem_cmp@d                        cstackCOMRAM 000009
mem_cmp@dst                      cstackCOMRAM 000001
mem_cmp@r                        cstackCOMRAM 00000D
mem_cmp@s                        cstackCOMRAM 00000B
mem_cmp@src                      cstackCOMRAM 000003
mem_cpy@cnt                      cstackCOMRAM 000006
mem_cpy@d                        cstackCOMRAM 00000D
mem_cpy@dst                      cstackCOMRAM 000001
mem_cpy@s                        cstackCOMRAM 00000A
mem_cpy@src                      cstackCOMRAM 000003
mem_set@cnt                      cstackCOMRAM 000005
mem_set@d                        cstackCOMRAM 000007
mem_set@dst                      cstackCOMRAM 000001
mem_set@val                      cstackCOMRAM 000003
move_window@fs                   cstackCOMRAM 000031
move_window@res                  cstackCOMRAM 00003B
move_window@sector               cstackCOMRAM 000033
put_fat@bc                       cstackCOMRAM 000052
put_fat@clst                     cstackCOMRAM 00003E
put_fat@fs                       cstackCOMRAM 00003C
put_fat@p                        cstackCOMRAM 000055
put_fat@res                      cstackCOMRAM 000054
put_fat@val                      cstackCOMRAM 000042
rcvr_datablock@btr               cstackCOMRAM 000004
rcvr_datablock@buff              cstackCOMRAM 000002
rcvr_datablock@tmr               cstackCOMRAM 000006
rcvr_datablock@token             cstackCOMRAM 000008
remove_chain@clst                cstackCOMRAM 000059
remove_chain@fs                  cstackCOMRAM 000057
remove_chain@nxt                 cstackBANK0  000065
remove_chain@res                 cstackBANK0  000064
send_cmd@arg                     cstackCOMRAM 00000B
send_cmd@cmd                     cstackCOMRAM 00000F
send_cmd@res                     cstackCOMRAM 000010
st_clust@cl                      cstackCOMRAM 000003
st_clust@dir                     cstackCOMRAM 000001
stackhi                          (abs)        0007FF
stacklo                          (abs)        00034E
start                            init         000000
start_initialization             cinit        005B76
sync_fs@fs                       cstackCOMRAM 00003A
sync_fs@res                      cstackCOMRAM 000044
sync_window@fs                   cstackCOMRAM 00001C
sync_window@nf                   cstackCOMRAM 00002B
sync_window@res                  cstackCOMRAM 00002A
sync_window@wsect                cstackCOMRAM 00002D
validate@fil                     cstackCOMRAM 000008
validate@obj                     cstackCOMRAM 000002
wait_ready@tmr                   cstackCOMRAM 000002
xmit_datablock@buff              cstackCOMRAM 000004
xmit_datablock@i                 cstackCOMRAM 000008
xmit_datablock@resp              cstackCOMRAM 00000A
xmit_datablock@token             cstackCOMRAM 000007


FUNCTION INFORMATION:

 *************** function _main *****************
 Defined at:
		line 37 in file "Main.c"
 Parameters:    Size  Location     Type
		None
 Auto vars:     Size  Location     Type
		None
 Return value:  Size  Location     Type
                  1    wreg      void 
 Registers used:
		wreg, fsr0l, fsr0h, fsr1l, fsr1h, fsr2l, fsr2h, status,2, status,0, tblptrl, tblptrh, tblptru, prodl, prodh, cstack
 Tracked objects:
		On entry : 
		On exit  : 
		Unchanged: 
 Data sizes:     COMRAM   BANK0   BANK1   BANK2   BANK3   BANK4   BANK5   BANK6   BANK7
      Params:         0       0       0       0       0       0       0       0       0
      Locals:         0       0       0       0       0       0       0       0       0
      Temps:          0       0       0       0       0       0       0       0       0
      Totals:         0       0       0       0       0       0       0       0       0
Total ram usage:        0 bytes
 Hardware stack levels required when called:   15
 This function calls:
		_Init8LEDs
		_guardar
 This function is called by:
		Startup code after reset
 This function uses a non-reentrant model


 *************** function _guardar *****************
 Defined at:
		line 111 in file "Main.c"
 Parameters:    Size  Location     Type
		None
 Auto vars:     Size  Location     Type
		None
 Return value:  Size  Location     Type
                  1    wreg      void 
 Registers used:
		wreg, fsr0l, fsr0h, fsr1l, fsr1h, fsr2l, fsr2h, status,2, status,0, tblptrl, tblptrh, tblptru, prodl, prodh, cstack
 Tracked objects:
		On entry : 
		On exit  : 
		Unchanged: 
 Data sizes:     COMRAM   BANK0   BANK1   BANK2   BANK3   BANK4   BANK5   BANK6   BANK7
      Params:         0       0       0       0       0       0       0       0       0
      Locals:         0       0       0       0       0       0       0       0       0
      Temps:          0       0       0       0       0       0       0       0       0
      Totals:         0       0       0       0       0       0       0       0       0
Total ram usage:        0 bytes
 Hardware stack levels used:    1
 Hardware stack levels required when called:   14
 This function calls:
		_Error
		_SYSTEM_Initialize
		_f_close
		_f_lseek
		_f_mount
		_f_open
		_grabador
 This function is called by:
		_main
 This function uses a non-reentrant model


 *************** function _grabador *****************
 Defined at:
		line 83 in file "Main.c"
 Parameters:    Size  Location     Type
		None
 Auto vars:     Size  Location     Type
		None
 Return value:  Size  Location     Type
                  1    wreg      void 
 Registers used:
		wreg, fsr0l, fsr0h, fsr1l, fsr1h, fsr2l, fsr2h, status,2, status,0, tblptrl, tblptrh, tblptru, prodl, prodh, cstack
 Tracked objects:
		On entry : 
		On exit  : 
		Unchanged: 
 Data sizes:     COMRAM   BANK0   BANK1   BANK2   BANK3   BANK4   BANK5   BANK6   BANK7
      Params:         0       0       0       0       0       0       0       0       0
      Locals:         0       0       0       0       0       0       0       0       0
      Temps:          3       0       0       0       0       0       0       0       0
      Totals:         3       0       0       0       0       0       0       0       0
Total ram usage:        3 bytes
 Hardware stack levels used:    1
 Hardware stack levels required when called:   11
 This function calls:
		___fldiv
		___flmul
		___xxtofl
		_f_write
		_interruptadc
 This function is called by:
		_guardar
 This function uses a non-reentrant model


 *************** function _interruptadc *****************
 Defined at:
		line 62 in file "Main.c"
 Parameters:    Size  Location     Type
  adcin           2    0[COMRAM] int 
  a               2    2[COMRAM] int 
 Auto vars:     Size  Location     Type
		None
 Return value:  Size  Location     Type
                  2    0[COMRAM] int 
 Registers used:
		wreg, status,2, status,0
 Tracked objects:
		On entry : 
		On exit  : 
		Unchanged: 
 Data sizes:     COMRAM   BANK0   BANK1   BANK2   BANK3   BANK4   BANK5   BANK6   BANK7
      Params:         4       0       0       0       0       0       0       0       0
      Locals:         0       0       0       0       0       0       0       0       0
      Temps:          2       0       0       0       0       0       0       0       0
      Totals:         6       0       0       0       0       0       0       0       0
Total ram usage:        6 bytes
 Hardware stack levels used:    1
 This function calls:
		Nothing
 This function is called by:
		_grabador
 This function uses a non-reentrant model


 *************** function _f_write *****************
 Defined at:
		line 2691 in file "ff.c"
 Parameters:    Size  Location     Type
  fp              2   17[BANK0 ] PTR struct .
		 -> Fil(32), 
  buff            3   19[BANK0 ] PTR const void 
		 -> ROM(32767), 
  btw             2   22[BANK0 ] unsigned short 
  bw              2   24[BANK0 ] PTR unsigned short 
		 -> bw(2), 
 Auto vars:     Size  Location     Type
  clst            4   49[BANK0 ] unsigned long 
  sect            4   45[BANK0 ] unsigned long 
  wbuff           3   39[BANK0 ] PTR const unsigned char 
		 -> ROM(32767), 
  wcnt            2   53[BANK0 ] unsigned short 
  cc              2   43[BANK0 ] unsigned short 
  csect           1   42[BANK0 ] unsigned char 
  res             1   38[BANK0 ] enum E93
 Return value:  Size  Location     Type
                  1    wreg      enum E93
 Registers used:
		wreg, fsr0l, fsr0h, fsr1l, fsr1h, fsr2l, fsr2h, status,2, status,0, tblptrl, tblptrh, tblptru, cstack
 Tracked objects:
		On entry : 
		On exit  : 
		Unchanged: 
 Data sizes:     COMRAM   BANK0   BANK1   BANK2   BANK3   BANK4   BANK5   BANK6   BANK7
      Params:         0       9       0       0       0       0       0       0       0
      Locals:         0      17       0       0       0       0       0       0       0
      Temps:          0      12       0       0       0       0       0       0       0
      Totals:         0      38       0       0       0       0       0       0       0
Total ram usage:       38 bytes
 Hardware stack levels used:    1
 Hardware stack levels required when called:   10
 This function calls:
		_clust2sect
		_create_chain
		_disk_write
		_mem_cpy
		_move_window
		_sync_window
		_validate
 This function is called by:
		_grabador
 This function uses a non-reentrant model


 *************** function ___xxtofl *****************
 Defined at:
		line 10 in file "C:\Program Files (x86)\Microchip\xc8\v2.05\pic\sources\c99\common\xxtofl.c"
 Parameters:    Size  Location     Type
  sign            1    wreg     unsigned char 
  val             4    0[COMRAM] long 
 Auto vars:     Size  Location     Type
  sign            1    8[COMRAM] unsigned char 
  arg             4   10[COMRAM] unsigned long 
  exp             1    9[COMRAM] unsigned char 
 Return value:  Size  Location     Type
                  4    0[COMRAM] unsigned char 
 Registers used:
		wreg, status,2, status,0
 Tracked objects:
		On entry : 
		On exit  : 
		Unchanged: 
 Data sizes:     COMRAM   BANK0   BANK1   BANK2   BANK3   BANK4   BANK5   BANK6   BANK7
      Params:         4       0       0       0       0       0       0       0       0
      Locals:         6       0       0       0       0       0       0       0       0
      Temps:          4       0       0       0       0       0       0       0       0
      Totals:        14       0       0       0       0       0       0       0       0
Total ram usage:       14 bytes
 Hardware stack levels used:    1
 This function calls:
		Nothing
 This function is called by:
		_grabador
 This function uses a non-reentrant model


 *************** function ___flmul *****************
 Defined at:
		line 8 in file "C:\Program Files (x86)\Microchip\xc8\v2.05\pic\sources\c99\common\sprcmul.c"
 Parameters:    Size  Location     Type
  b               4   14[COMRAM] unsigned char 
  a               4   18[COMRAM] unsigned char 
 Auto vars:     Size  Location     Type
  prod            4   33[COMRAM] struct .
  grs             4   27[COMRAM] unsigned long 
  temp            2   37[COMRAM] struct .
  bexp            1   32[COMRAM] unsigned char 
  aexp            1   31[COMRAM] unsigned char 
  sign            1   26[COMRAM] unsigned char 
 Return value:  Size  Location     Type
                  4   14[COMRAM] unsigned char 
 Registers used:
		wreg, status,2, status,0, prodl, prodh
 Tracked objects:
		On entry : 
		On exit  : 
		Unchanged: 
 Data sizes:     COMRAM   BANK0   BANK1   BANK2   BANK3   BANK4   BANK5   BANK6   BANK7
      Params:         8       0       0       0       0       0       0       0       0
      Locals:        13       0       0       0       0       0       0       0       0
      Temps:          4       0       0       0       0       0       0       0       0
      Totals:        25       0       0       0       0       0       0       0       0
Total ram usage:       25 bytes
 Hardware stack levels used:    1
 This function calls:
		Nothing
 This function is called by:
		_grabador
 This function uses a non-reentrant model


 *************** function ___fldiv *****************
 Defined at:
		line 11 in file "C:\Program Files (x86)\Microchip\xc8\v2.05\pic\sources\c99\common\sprcdiv.c"
 Parameters:    Size  Location     Type
  b               4   39[COMRAM] unsigned char 
  a               4   43[COMRAM] unsigned char 
 Auto vars:     Size  Location     Type
  grs             4   58[COMRAM] unsigned long 
  rem             4   51[COMRAM] unsigned long 
  new_exp         2   56[COMRAM] short 
  aexp            1   63[COMRAM] unsigned char 
  bexp            1   62[COMRAM] unsigned char 
  sign            1   55[COMRAM] unsigned char 
 Return value:  Size  Location     Type
                  4   39[COMRAM] unsigned char 
 Registers used:
		wreg, status,2, status,0
 Tracked objects:
		On entry : 
		On exit  : 
		Unchanged: 
 Data sizes:     COMRAM   BANK0   BANK1   BANK2   BANK3   BANK4   BANK5   BANK6   BANK7
      Params:         8       0       0       0       0       0       0       0       0
      Locals:        13       0       0       0       0       0       0       0       0
      Temps:          4       0       0       0       0       0       0       0       0
      Totals:        25       0       0       0       0       0       0       0       0
Total ram usage:       25 bytes
 Hardware stack levels used:    1
 This function calls:
		Nothing
 This function is called by:
		_grabador
 This function uses a non-reentrant model


 *************** function _f_open *****************
 Defined at:
		line 2449 in file "ff.c"
 Parameters:    Size  Location     Type
  fp              2   58[BANK0 ] PTR struct .
		 -> Fil(32), 
  path            2   60[BANK0 ] PTR const unsigned char 
		 -> STR_5(11), STR_4(1), STR_3(1), 
  mode            1   62[BANK0 ] unsigned char 
 Auto vars:     Size  Location     Type
  dj             22   90[BANK0 ] struct .
  sfn            12   67[BANK0 ] unsigned char [12]
  dw              4   83[BANK0 ] unsigned long 
  cl              4   79[BANK0 ] unsigned long 
  dir             2   88[BANK0 ] PTR unsigned char 
		 -> FatFs(558), NULL(0), 
  res             1   87[BANK0 ] enum E93
 Return value:  Size  Location     Type
                  1    wreg      enum E93
 Registers used:
		wreg, fsr0l, fsr0h, fsr1l, fsr1h, fsr2l, fsr2h, status,2, status,0, tblptrl, tblptrh, tblptru, prodl, prodh, cstack
 Tracked objects:
		On entry : 
		On exit  : 
		Unchanged: 
 Data sizes:     COMRAM   BANK0   BANK1   BANK2   BANK3   BANK4   BANK5   BANK6   BANK7
      Params:         0       5       0       0       0       0       0       0       0
      Locals:         0      45       0       0       0       0       0       0       0
      Temps:          0       4       0       0       0       0       0       0       0
      Totals:         0      54       0       0       0       0       0       0       0
Total ram usage:       54 bytes
 Hardware stack levels used:    1
 Hardware stack levels required when called:   13
 This function calls:
		_dir_register
		_find_volume
		_follow_path
		_ld_clust
		_move_window
		_remove_chain
		_st_clust
 This function is called by:
		_guardar
 This function uses a non-reentrant model


 *************** function _remove_chain *****************
 Defined at:
		line 937 in file "ff.c"
 Parameters:    Size  Location     Type
  fs              2   86[COMRAM] PTR struct .
		 -> FatFs(558), NULL(0), 
  clst            4   88[COMRAM] unsigned long 
 Auto vars:     Size  Location     Type
  nxt             4    5[BANK0 ] unsigned long 
  res             1    4[BANK0 ] enum E93
 Return value:  Size  Location     Type
                  1    wreg      enum E93
 Registers used:
		wreg, fsr0l, fsr0h, fsr1l, fsr1h, fsr2l, fsr2h, status,2, status,0, tblptrl, tblptrh, tblptru, cstack
 Tracked objects:
		On entry : 
		On exit  : 
		Unchanged: 
 Data sizes:     COMRAM   BANK0   BANK1   BANK2   BANK3   BANK4   BANK5   BANK6   BANK7
      Params:         6       0       0       0       0       0       0       0       0
      Locals:         0       5       0       0       0       0       0       0       0
      Temps:          0       4       0       0       0       0       0       0       0
      Totals:         6       9       0       0       0       0       0       0       0
Total ram usage:       15 bytes
 Hardware stack levels used:    1
 Hardware stack levels required when called:    9
 This function calls:
		_get_fat
		_put_fat
 This function is called by:
		_f_open
 This function uses a non-reentrant model


 *************** function _follow_path *****************
 Defined at:
		line 2052 in file "ff.c"
 Parameters:    Size  Location     Type
  dp              2   40[BANK0 ] PTR struct .
		 -> f_open@dj(22), 
  path            2   42[BANK0 ] PTR const unsigned char 
		 -> STR_5(11), STR_4(1), STR_3(1), 
 Auto vars:     Size  Location     Type
  dir             2   44[BANK0 ] PTR unsigned char 
		 -> FatFs(558), NULL(0), 
  res             1   47[BANK0 ] enum E93
  ns              1   46[BANK0 ] unsigned char 
 Return value:  Size  Location     Type
                  1    wreg      enum E93
[...]


 *************** function _send_cmd *****************
 Defined at:
		line 231 in file "diskio.c"
 Parameters:    Size  Location     Type
  cmd             1    wreg     unsigned char 
  arg             4   10[COMRAM] unsigned long 
 Auto vars:     Size  Location     Type
  cmd             1   14[COMRAM] unsigned char 
  res             1   15[COMRAM] unsigned char 
 Return value:  Size  Location     Type
                  1    wreg      unsigned char 
 Registers used:
		wreg, status,2, status,0, cstack
 Tracked objects:
		On entry : 
		On exit  : 
		Unchanged: 
 Data sizes:     COMRAM   BANK0   BANK1   BANK2   BANK3   BANK4   BANK5   BANK6   BANK7
      Params:         4       0       0       0       0       0       0       0       0
      Locals:         2       0       0       0       0       0       0       0       0
      Temps:          0       0       0       0       0       0       0       0       0
      Totals:         6       0       0       0       0       0       0       0       0
Total ram usage:        6 bytes
 Hardware stack levels used:    1
 Hardware stack levels required when called:    4
 This function calls:
		___send_cmd
 This function is called by:
		_disk_initialize
		_disk_read
		_disk_write
		_disk_ioctl
 This function uses a non-reentrant model


 *************** function ___send_cmd *****************
 Defined at:
		line 195 in file "diskio.c"
 Parameters:    Size  Location     Type
  cmd             1    wreg     unsigned char 
  arg             4    3[COMRAM] unsigned long 
 Auto vars:     Size  Location     Type
  cmd             1    9[COMRAM] unsigned char 
  n               1    8[COMRAM] unsigned char 
  res             1    7[COMRAM] unsigned char 
 Return value:  Size  Location     Type
                  1    wreg      unsigned char 
 Registers used:
		wreg, status,2, status,0, cstack
 Tracked objects:
		On entry : 
		On exit  : 
		Unchanged: 
 Data sizes:     COMRAM   BANK0   BANK1   BANK2   BANK3   BANK4   BANK5   BANK6   BANK7
      Params:         4       0       0       0       0       0       0       0       0
      Locals:         3       0       0       0       0       0       0       0       0
      Temps:          0       0       0       0       0       0       0       0       0
      Totals:         7       0       0       0       0       0       0       0       0
Total ram usage:        7 bytes
 Hardware stack levels used:    1
 Hardware stack levels required when called:    3
 This function calls:
		_SPI1_Exchange8bit
		_deselect
		_select
 This function is called by:
		_send_cmd
 This function uses a non-reentrant model


 *************** function _select *****************
 Defined at:
		line 106 in file "diskio.c"
 Parameters:    Size  Location     Type
		None
 Auto vars:     Size  Location     Type
		None
 Return value:  Size  Location     Type
                  1    wreg      unsigned char 
 Registers used:
		wreg, status,2, status,0, cstack
 Tracked objects:
		On entry : 
		On exit  : 
		Unchanged: 
 Data sizes:     COMRAM   BANK0   BANK1   BANK2   BANK3   BANK4   BANK5   BANK6   BANK7
      Params:         0       0       0       0       0       0       0       0       0
      Locals:         0       0       0       0       0       0       0       0       0
      Temps:          0       0       0       0       0       0       0       0       0
      Totals:         0       0       0       0       0       0       0       0       0
Total ram usage:        0 bytes
 Hardware stack levels used:    1
 Hardware stack levels required when called:    2
 This function calls:
		_SPI1_Exchange8bit
		_deselect
		_wait_ready
 This function is called by:
		___send_cmd
		_disk_ioctl
 This function uses a non-reentrant model


 *************** function _wait_ready *****************
 Defined at:
		line 74 in file "diskio.c"
 Parameters:    Size  Location     Type
		None
 Auto vars:     Size  Location     Type
  tmr             2    1[COMRAM] unsigned short 
 Return value:  Size  Location     Type
                  1    wreg      unsigned char 
 Registers used:
		wreg, status,2, status,0, cstack
 Tracked objects:
		On entry : 
		On exit  : 
		Unchanged: 
 Data sizes:     COMRAM   BANK0   BANK1   BANK2   BANK3   BANK4   BANK5   BANK6   BANK7
      Params:         0       0       0       0       0       0       0       0       0
      Locals:         2       0       0       0       0       0       0       0       0
      Temps:          0       0       0       0       0       0       0       0       0
      Totals:         2       0       0       0       0       0       0       0       0
Total ram usage:        2 bytes
 Hardware stack levels used:    1
 Hardware stack levels required when called:    1
 This function calls:
		_SPI1_Exchange8bit
 This function is called by:
		_select
		_xmit_datablock
 This function uses a non-reentrant model


 *************** function _deselect *****************
 Defined at:
		line 93 in file "diskio.c"
 Parameters:    Size  Location     Type
		None
 Auto vars:     Size  Location     Type
		None
 Return value:  Size  Location     Type
                  1    wreg      void 
 Registers used:
		wreg, status,2, cstack
 Tracked objects:
		On entry : 
		On exit  : 
		Unchanged: 
 Data sizes:     COMRAM   BANK0   BANK1   BANK2   BANK3   BANK4   BANK5   BANK6   BANK7
      Params:         0       0       0       0       0       0       0       0       0
      Locals:         0       0       0       0       0       0       0       0       0
      Temps:          0       0       0       0       0       0       0       0       0
      Totals:         0       0       0       0       0       0       0       0       0
Total ram usage:        0 bytes
 Hardware stack levels used:    1
 Hardware stack levels required when called:    1
 This function calls:
		_SPI1_Exchange8bit
 This function is called by:
		_select
		___send_cmd
		_disk_initialize
		_disk_read
		_disk_write
		_disk_ioctl
 This function uses a non-reentrant model


 *************** function _rcvr_datablock *****************
 Defined at:
		line 123 in file "diskio.c"
 Parameters:    Size  Location     Type
  buff            2    1[COMRAM] PTR unsigned char 
		 -> FatFs(558), disk_ioctl@csd(16), NULL(0), 
  btr             2    3[COMRAM] unsigned short 
 Auto vars:     Size  Location     Type
  tmr             2    5[COMRAM] unsigned short 
  token           1    7[COMRAM] unsigned char 
 Return value:  Size  Location     Type
                  1    wreg      unsigned char 
 Registers used:
		wreg, fsr2l, fsr2h, status,2, status,0, cstack
 Tracked objects:
		On entry : 
		On exit  : 
		Unchanged: 
 Data sizes:     COMRAM   BANK0   BANK1   BANK2   BANK3   BANK4   BANK5   BANK6   BANK7
      Params:         4       0       0       0       0       0       0       0       0
      Locals:         3       0       0       0       0       0       0       0       0
      Temps:          0       0       0       0       0       0       0       0       0
      Totals:         7       0       0       0       0       0       0       0       0
Total ram usage:        7 bytes
 Hardware stack levels used:    1
 Hardware stack levels required when called:    1
 This function calls:
		_SPI1_Exchange8bit
 This function is called by:
		_disk_read
		_disk_ioctl
 This function uses a non-reentrant model


 *************** function _SPI1_Exchange8bit *****************
 Defined at:
		line 90 in file "mcc_generated_files/spi1.c"
 Parameters:    Size  Location     Type
  data            1    wreg     unsigned char 
 Auto vars:     Size  Location     Type
  data            1    0[COMRAM] unsigned char 
 Return value:  Size  Location     Type
                  1    wreg      unsigned char 
 Registers used:
		wreg, status,2
 Tracked objects:
		On entry : 
		On exit  : 
		Unchanged: 
 Data sizes:     COMRAM   BANK0   BANK1   BANK2   BANK3   BANK4   BANK5   BANK6   BANK7
      Params:         0       0       0       0       0       0       0       0       0
      Locals:         1       0       0       0       0       0       0       0       0
      Temps:          0       0       0       0       0       0       0       0       0
      Totals:         1       0       0       0       0       0       0       0       0
Total ram usage:        1 bytes
 Hardware stack levels used:    1
 This function calls:
		Nothing
 This function is called by:
		_wait_ready
		_deselect
		_select
		_rcvr_datablock
		_xmit_datablock
		___send_cmd
		_disk_initialize
		_disk_ioctl
		_SPI1_Exchange8bitBuffer
 This function uses a non-reentrant model


 *************** function _SYSTEM_Initialize *****************
 Defined at:
		line 116 in file "mcc_generated_files/mcc.c"
 Parameters:    Size  Location     Type
		None
 Auto vars:     Size  Location     Type
		None
 Return value:  Size  Location     Type
                  1    wreg      void 
 Registers used:
		wreg, status,2, cstack
 Tracked objects:
		On entry : 
		On exit  : 
		Unchanged: 
 Data sizes:     COMRAM   BANK0   BANK1   BANK2   BANK3   BANK4   BANK5   BANK6   BANK7
      Params:         0       0       0       0       0       0       0       0       0
      Locals:         0       0       0       0       0       0       0       0       0
      Temps:          0       0       0       0       0       0       0       0       0
      Totals:         0       0       0       0       0       0       0       0       0
Total ram usage:        0 bytes
 Hardware stack levels used:    1
 Hardware stack levels required when called:    1
 This function calls:
		_OSCILLATOR_Initialize
		_PIN_MANAGER_Initialize
		_SPI1_Initialize
 This function is called by:
		_guardar
 This function uses a non-reentrant model


 *************** function _SPI1_Initialize *****************
 Defined at:
		line 63 in file "mcc_generated_files/spi1.c"
 Parameters:    Size  Location     Type
		None
 Auto vars:     Size  Location     Type
		None
 Return value:  Size  Location     Type
                  1    wreg      void 
 Registers used:
		wreg, status,2
 Tracked objects:
		On entry : 
		On exit  : 
		Unchanged: 
 Data sizes:     COMRAM   BANK0   BANK1   BANK2   BANK3   BANK4   BANK5   BANK6   BANK7
      Params:         0       0       0       0       0       0       0       0       0
      Locals:         0       0       0       0       0       0       0       0       0
      Temps:          0       0       0       0       0       0       0       0       0
      Totals:         0       0       0       0       0       0       0       0       0
Total ram usage:        0 bytes
 Hardware stack levels used:    1
 This function calls:
		Nothing
 This function is called by:
		_disk_initialize
		_SYSTEM_Initialize
 This function uses a non-reentrant model


 *************** function _PIN_MANAGER_Initialize *****************
 Defined at:
		line 51 in file "mcc_generated_files/pin_manager.c"
 Parameters:    Size  Location     Type
		None
 Auto vars:     Size  Location     Type
		None
 Return value:  Size  Location     Type
                  1    wreg      void 
 Registers used:
		wreg, status,2
 Tracked objects:
		On entry : 
		On exit  : 
		Unchanged: 
 Data sizes:     COMRAM   BANK0   BANK1   BANK2   BANK3   BANK4   BANK5   BANK6   BANK7
      Params:         0       0       0       0       0       0       0       0       0
      Locals:         0       0       0       0       0       0       0       0       0
      Temps:          0       0       0       0       0       0       0       0       0
      Totals:         0       0       0       0       0       0       0       0       0
Total ram usage:        0 bytes
 Hardware stack levels used:    1
 This function calls:
		Nothing
 This function is called by:
		_SYSTEM_Initialize
 This function uses a non-reentrant model


 *************** function _OSCILLATOR_Initialize *****************
 Defined at:
		line 124 in file "mcc_generated_files/mcc.c"
 Parameters:    Size  Location     Type
		None
 Auto vars:     Size  Location     Type
		None
 Return value:  Size  Location     Type
                  1    wreg      void 
 Registers used:
		wreg, status,2
 Tracked objects:
		On entry : 
		On exit  : 
		Unchanged: 
 Data sizes:     COMRAM   BANK0   BANK1   BANK2   BANK3   BANK4   BANK5   BANK6   BANK7
      Params:         0       0       0       0       0       0       0       0       0
      Locals:         0       0       0       0       0       0       0       0       0
      Temps:          0       0       0       0       0       0       0       0       0
      Totals:         0       0       0       0       0       0       0       0       0
Total ram usage:        0 bytes
 Hardware stack levels used:    1
 This function calls:
		Nothing
 This function is called by:
		_SYSTEM_Initialize
 This function uses a non-reentrant model


 *************** function _Error *****************
 Defined at:
		line 13 in file "./Errores.h"
 Parameters:    Size  Location     Type
  a               2    0[COMRAM] int 
 Auto vars:     Size  Location     Type
  v_seg          10    3[COMRAM] unsigned char [10]
 Return value:  Size  Location     Type
                  1    wreg      void 
 Registers used:
		wreg, fsr1l, fsr1h, fsr2l, fsr2h, status,2, status,0
 Tracked objects:
		On entry : 
		On exit  : 
		Unchanged: 
 Data sizes:     COMRAM   BANK0   BANK1   BANK2   BANK3   BANK4   BANK5   BANK6   BANK7
      Params:         2       0       0       0       0       0       0       0       0
      Locals:        10       0       0       0       0       0       0       0       0
      Temps:          1       0       0       0       0       0       0       0       0
      Totals:        13       0       0       0       0       0       0       0       0
Total ram usage:       13 bytes
 Hardware stack levels used:    1
 This function calls:
		Nothing
 This function is called by:
		_guardar
 This function uses a non-reentrant model


 *************** function _Init8LEDs *****************
 Defined at:
		line 74 in file "Main.c"
 Parameters:    Size  Location     Type
		None
 Auto vars:     Size  Location     Type
		None
 Return value:  Size  Location     Type
                  1    wreg      void 
 Registers used:
		wreg, status,2
 Tracked objects:
		On entry : 
		On exit  : 
		Unchanged: 
 Data sizes:     COMRAM   BANK0   BANK1   BANK2   BANK3   BANK4   BANK5   BANK6   BANK7
      Params:         0       0       0       0       0       0       0       0       0
      Locals:         0       0       0       0       0       0       0       0       0
      Temps:          0       0       0       0       0       0       0       0       0
      Totals:         0       0       0       0       0       0       0       0       0
Total ram usage:        0 bytes
 Hardware stack levels used:    1
 This function calls:
		Nothing
 This function is called by:
		_main
 This function uses a non-reentrant model



MODULE INFORMATION

Module		Function		Class		Link	Load	Size
C:\Program Files (x86)\Microchip\xc8\v2.05\pic\sources\c99\common\Umul32.c
		___lmul        		CODE           	5B20	0000	87

C:\Program Files (x86)\Microchip\xc8\v2.05\pic\sources\c99\common\Umul32.c estimated size: 87

diskio.c
		_rcvr_datablock		CODE           	5A4E	0000	109
		_send_cmd      		CODE           	5C16	0000	67
		_disk_initialize		CODE           	417E	0000	491
		_disk_write    		CODE           	4BCE	0000	291
		_disk_status   		CODE           	5DE4	0000	19
		_deselect      		CODE           	5E60	0000	11
		_disk_ioctl    		CODE           	1F56	0000	1183
		___send_cmd    		CODE           	594E	0000	131
		_disk_read     		CODE           	527C	0000	205
		_select        		CODE           	5DC6	0000	31
		_xmit_datablock		CODE           	5848	0000	133
		_wait_ready    		CODE           	5C58	0000	61

diskio.c estimated size: 2732

ff.c
		_mem_cpy       		CODE           	5348	0000	203
		_find_volume   		CODE           	081C	0000	2479
		_remove_chain  		CODE           	4802	0000	331
		_f_mount       		CODE           	565E	0000	177
		_get_fat       		CODE           	2C24	0000	931
		_get_ldnumber  		CODE           	5196	0000	231
		_st_clust      		CODE           	5D30	0000	43
		_create_name   		CODE           	3C6A	0000	653
		_chk_chr       		CODE           	5BC8	0000	79
		_create_chain  		CODE           	36AE	0000	763
		_f_lseek       		CODE           	1948	0000	1551
		_validate      		CODE           	57B4	0000	149
		_check_fs      		CODE           	4FC2	0000	237
		_f_sync        		CODE           	494C	0000	323
		_f_write       		CODE           	11CA	0000	1919
		_mem_set       		CODE           	5D04	0000	45
		_dir_alloc     		CODE           	4DE6	0000	241
		_clust2sect    		CODE           	55A4	0000	187
		_put_fat       		CODE           	23F4	0000	1067
		_sync_fs       		CODE           	4368	0000	467
		_dir_next      		CODE           	281E	0000	1031
		_sync_window   		CODE           	453A	0000	381
		_dir_register  		CODE           	50AE	0000	233
		_dir_find      		CODE           	4ED6	0000	237
		_f_open        		CODE           	2FC6	0000	919
		_mem_cmp       		CODE           	5ABA	0000	103
		_f_close       		CODE           	5C94	0000	59
		_dir_sdi       		CODE           	39A8	0000	707
		_follow_path   		CODE           	46B6	0000	333
		_ld_clust      		CODE           	59D0	0000	127
		_move_window   		CODE           	570E	0000	167

ff.c estimated size: 16373

mcc_generated_files/pin_manager.c
		_PIN_MANAGER_Initialize		CODE           	5DA6	0000	33

mcc_generated_files/pin_manager.c estimated size: 33

C:\Program Files (x86)\Microchip\xc8\v2.05\pic\sources\c99\common\xxtofl.c
		___xxtofl      		CODE           	4A8E	0000	321

C:\Program Files (x86)\Microchip\xc8\v2.05\pic\sources\c99\common\xxtofl.c estimated size: 321

mcc_generated_files/spi1.c
		_SPI1_Open     		CODE           	5E28	0000	15
		_SPI1_Initialize		CODE           	5E44	0000	15
		_SPI1_Exchange8bit		CODE           	5E08	0000	17

mcc_generated_files/spi1.c estimated size: 47

C:\Program Files (x86)\Microchip\xc8\v2.05\pic\sources\c99\common\sprcmul.c
		___flmul       		CODE           	335C	0000	851

C:\Program Files (x86)\Microchip\xc8\v2.05\pic\sources\c99\common\sprcmul.c estimated size: 851

C:\Program Files (x86)\Microchip\xc8\v2.05\pic\sources\c99\common\__lldiv.c
		___lldiv       		CODE           	58CC	0000	131

C:\Program Files (x86)\Microchip\xc8\v2.05\pic\sources\c99\common\__lldiv.c estimated size: 131

C:\Program Files (x86)\Microchip\xc8\v2.05\pic\sources\c99\common\sprcdiv.c
		___fldiv       		CODE           	3EF6	0000	649

C:\Program Files (x86)\Microchip\xc8\v2.05\pic\sources\c99\common\sprcdiv.c estimated size: 649

Main.c
		_main          		CODE           	5CCE	0000	55
		_interruptadc  		CODE           	5D5A	0000	39
		_guardar       		CODE           	54DC	0000	201
		_grabador      		CODE           	4CF0	0000	247
		_Init8LEDs     		CODE           	5E18	0000	17

Main.c estimated size: 559

shared
		__initialization		CODE           	5B76	0000	77

shared estimated size: 77

mcc_generated_files/mcc.c
		_OSCILLATOR_Initialize		CODE           	5DF6	0000	19
		_SYSTEM_Initialize		CODE           	5E36	0000	15

mcc_generated_files/mcc.c estimated size: 34

C:\Program Files (x86)\Microchip\xc8\v2.05\pic\sources\c99\common\Umul16.c
		___wmul        		CODE           	5D80	0000	39

C:\Program Files (x86)\Microchip\xc8\v2.05\pic\sources\c99\common\Umul16.c estimated size: 39

./Errores.h
		_Error         		CODE           	5412	0000	203

./Errores.h estimated size: 203

